###############################################################################
#
# IAR ANSI C/C++ Compiler V7.50.2.10312/W32 for ARM       09/Feb/2018  16:14:45
# Copyright 1999-2015 IAR Systems AB.
#
#    Cpu mode     =  thumb
#    Endian       =  little
#    Source file  =  
#        E:\HW Projects\ControlHome\CntrHome - RF69w\BSP\bsp_green_led.c
#    Command line =  
#        "E:\HW Projects\ControlHome\CntrHome - RF69w\BSP\bsp_green_led.c" -lCN
#        "E:\HW Projects\ControlHome\CntrHome - RF69w\Debug\List" -o "E:\HW
#        Projects\ControlHome\CntrHome - RF69w\Debug\Obj" --debug
#        --endian=little --cpu=Cortex-M3 -e --fpu=None --dlib_config
#        "C:\Program Files (x86)\IAR Systems\Embedded Workbench
#        7.3\arm\INC\c\DLib_Config_Normal.h" -I "E:\HW
#        Projects\ControlHome\CntrHome - RF69w\" -I "E:\HW
#        Projects\ControlHome\CntrHome - RF69w\APP\" -I "E:\HW
#        Projects\ControlHome\CntrHome - RF69w\BSP\" -I "E:\HW
#        Projects\ControlHome\CntrHome - RF69w\CPU\inc\" -I "E:\HW
#        Projects\ControlHome\CntrHome - RF69w\uC-CPU\" -I "E:\HW
#        Projects\ControlHome\CntrHome - RF69w\uC-RTC\" -I "E:\HW
#        Projects\ControlHome\CntrHome - RF69w\uC-LIB\" -I "E:\HW
#        Projects\ControlHome\CntrHome - RF69w\uCOS-II\Ports\" -I "E:\HW
#        Projects\ControlHome\CntrHome - RF69w\uCOS-II\Source\" -I "E:\HW
#        Projects\ControlHome\CntrHome - RF69w\I2C-Out\" -I "E:\HW
#        Projects\ControlHome\CntrHome - RF69w\Direct_Sw\" -I "E:\HW
#        Projects\ControlHome\CntrHome - RF69w\Wdt_led\" -I "E:\HW
#        Projects\ControlHome\CntrHome - RF69w\uC-LCD\" -I "E:\HW
#        Projects\ControlHome\CntrHome - RF69w\uC-RF\" -I "E:\HW
#        Projects\ControlHome\CntrHome - RF69w\uC-FatFS\" -I "E:\HW
#        Projects\ControlHome\CntrHome - RF69w\uC-FatFS\api\" -I "E:\HW
#        Projects\ControlHome\CntrHome - RF69w\uC-FatFS\config\" -I "E:\HW
#        Projects\ControlHome\CntrHome - RF69w\uC-FatFS\os\" -I "E:\HW
#        Projects\ControlHome\CntrHome - RF69w\uC-FatFS\fsl\fat\" -I "E:\HW
#        Projects\ControlHome\CntrHome - RF69w\uC-FatFS\clib\" -I "E:\HW
#        Projects\ControlHome\CntrHome - RF69w\uC-FatFS\lbl\" -I "E:\HW
#        Projects\ControlHome\CntrHome - RF69w\uC-FatFS\device\mmc\" -I "E:\HW
#        Projects\ControlHome\CntrHome - RF69w\uC-FatFS\file\" -I "E:\HW
#        Projects\ControlHome\CntrHome - RF69w\uC-Terminal\src\" -I "E:\HW
#        Projects\ControlHome\CntrHome - RF69w\uC-Terminal\inc\" -Oh
#    List file    =  
#        E:\HW Projects\ControlHome\CntrHome -
#        RF69w\Debug\List\bsp_green_led.lst
#    Object file  =  
#        E:\HW Projects\ControlHome\CntrHome - RF69w\Debug\Obj\bsp_green_led.o
#
###############################################################################

E:\HW Projects\ControlHome\CntrHome - RF69w\BSP\bsp_green_led.c
      1          /*
      2          *********************************************************************************************************
      3          *
      4          *                                        Green Led Modul
      5          *                                                                         
      6          *
      7          * Filename      : bsp_green_led.c
      8          * Version       : V1.00
      9          * Programmer(s) : Puleo
     10          *********************************************************************************************************
     11          * Note(s)       :
     12          *********************************************************************************************************
     13          */
     14          
     15          /*
     16          *********************************************************************************************************
     17          *                                             INCLUDE FILES
     18          *********************************************************************************************************
     19          */
     20          
     21          #define  BSP_GREEN_LED_MODULE
     22          #include <bsp.h>
     23          
     24          
     25          /*
     26          *********************************************************************************************************
     27          *                                              LOCAL DEFINES
     28          *********************************************************************************************************
     29          */
     30          
     31             
     32          
     33          /*
     34          *********************************************************************************************************
     35          *                                           LOCAL CONSTANTS
     36          *********************************************************************************************************
     37          */
     38          
     39          
     40          
     41          /*
     42          *********************************************************************************************************
     43          *                                          LOCAL DATA TYPES
     44          *********************************************************************************************************
     45          */
     46          
     47          
     48          /*
     49          *********************************************************************************************************
     50          *                                            LOCAL TABLES
     51          *********************************************************************************************************
     52          */
     53          
     54          
     55          /*
     56          *********************************************************************************************************
     57          *                                       LOCAL GLOBAL VARIABLES
     58          *********************************************************************************************************
     59          */
     60          
     61          /*
     62          *********************************************************************************************************
     63          *                                      LOCAL FUNCTION PROTOTYPES
     64          *********************************************************************************************************
     65          */
     66          
     67          /*
     68          *********************************************************************************************************
     69          *                                     LOCAL CONFIGURATION ERRORS
     70          *********************************************************************************************************
     71          */
     72          
     73          
     74          /*
     75          *********************************************************************************************************
     76          *********************************************************************************************************
     77          **                                         GLOBAL FUNCTIONS
     78          *********************************************************************************************************
     79          *********************************************************************************************************
     80          */

   \                                 In section .text, align 2, keep-with-next
     81          void green_led_init() 
     82          {
   \                     green_led_init: (+1)
   \   00000000   0xB580             PUSH     {R7,LR}
     83            GPIO_InitTypeDef GPIO_InitStructure;
     84            
     85            RCC_APB2PeriphClockCmd(RCC_APB2Periph_GPIOA | RCC_APB2Periph_AFIO, ENABLE);
   \   00000002   0x2101             MOVS     R1,#+1
   \   00000004   0x2005             MOVS     R0,#+5
   \   00000006   0x.... 0x....      BL       RCC_APB2PeriphClockCmd
     86          
     87            GPIO_InitStructure.GPIO_Pin = GPIO_Pin_5 | GPIO_Pin_1;
   \   0000000A   0x2022             MOVS     R0,#+34
   \   0000000C   0xF8AD 0x0000      STRH     R0,[SP, #+0]
     88            GPIO_InitStructure.GPIO_Mode = GPIO_Mode_Out_PP;
     89            GPIO_InitStructure.GPIO_Speed = GPIO_Speed_50MHz;
     90            GPIO_Init(GPIOA, &GPIO_InitStructure);
   \   00000010   0x4669             MOV      R1,SP
   \   00000012   0x2010             MOVS     R0,#+16
   \   00000014   0xF88D 0x0003      STRB     R0,[SP, #+3]
   \   00000018   0x2003             MOVS     R0,#+3
   \   0000001A   0xF88D 0x0002      STRB     R0,[SP, #+2]
   \   0000001E   0x....             LDR.N    R0,??DataTable2  ;; 0x40010800
   \   00000020   0x.... 0x....      BL       GPIO_Init
     91          }
   \   00000024   0xBD01             POP      {R0,PC}          ;; return
     92          

   \                                 In section .text, align 2, keep-with-next
     93          void green_led_on(void)
     94          {
     95            GPIO_SetBits(GPIOA, GPIO_Pin_5);
   \                     green_led_on: (+1)
   \   00000000   0x2120             MOVS     R1,#+32
   \   00000002   0x....             B.N      ?Subroutine0
     96          }

   \                                 In section .text, align 2, keep-with-next
   \                     ?Subroutine0: (+1)
   \   00000000   0x....             LDR.N    R0,??DataTable2  ;; 0x40010800
   \   00000002   0x.... 0x....      B.W      GPIO_SetBits
     97          

   \                                 In section .text, align 2, keep-with-next
     98          void green_led_off(void)
     99          {
    100            GPIO_ResetBits(GPIOA, GPIO_Pin_5);
   \                     green_led_off: (+1)
   \   00000000   0x2120             MOVS     R1,#+32
   \   00000002   0x....             B.N      ?Subroutine1
    101          }

   \                                 In section .text, align 2, keep-with-next
   \                     ?Subroutine1: (+1)
   \   00000000   0x....             LDR.N    R0,??DataTable2  ;; 0x40010800
   \   00000002   0x.... 0x....      B.W      GPIO_ResetBits
    102          

   \                                 In section .text, align 2, keep-with-next
    103          void yellow_led_on(void)
    104          {
    105            GPIO_SetBits(GPIOA, GPIO_Pin_1);
   \                     yellow_led_on: (+1)
   \   00000000   0x2102             MOVS     R1,#+2
   \   00000002                      REQUIRE ?Subroutine0
   \   00000002                      ;; // Fall through to label ?Subroutine0
    106          }
    107          

   \                                 In section .text, align 2, keep-with-next
    108          void yellow_led_off(void)
    109          {
    110            GPIO_ResetBits(GPIOA, GPIO_Pin_1);
   \                     yellow_led_off: (+1)
   \   00000000   0x2102             MOVS     R1,#+2
   \   00000002                      REQUIRE ?Subroutine1
   \   00000002                      ;; // Fall through to label ?Subroutine1
    111          }

   \                                 In section .text, align 4, keep-with-next
   \                     ??DataTable2:
   \   00000000   0x40010800         DC32     0x40010800

   Maximum stack usage in bytes:

   .cstack Function
   ------- --------
       8   green_led_init
         8   -> GPIO_Init
         8   -> RCC_APB2PeriphClockCmd
       0   green_led_off
         0   -> GPIO_ResetBits
       0   green_led_on
         0   -> GPIO_SetBits
       0   yellow_led_off
         0   -> GPIO_ResetBits
       0   yellow_led_on
         0   -> GPIO_SetBits


   Section sizes:

   Bytes  Function/Label
   -----  --------------
       4  ??DataTable2
       6  ?Subroutine0
       6  ?Subroutine1
      38  green_led_init
       4  green_led_off
       4  green_led_on
       2  yellow_led_off
       2  yellow_led_on

 
 66 bytes in section .text
 
 66 bytes of CODE memory

Errors: none
Warnings: none
